================================================================================

{"keepPadStart":false,"keepPadIn":false,"keepPadEnd":false}

⠐⠐⠐⠐⠐⠐//⠐###[IF]test=1;un=comment;⠐⠐⠐⠐⠐⠐
test⠐⠐⠐⠐⠐⠐
------------------------------------------------------------
⠐⠐⠐⠐⠐⠐//⠐test⠐⠐⠐⠐⠐⠐
~~~~~~~~~~~~~~~~~~~~~~~~~~~~~~~~~~~~~~~~~~~~~~~~~~~~~~~~~~~~


⠐⠐⠐⠐⠐⠐//⠐###[IF]test=1;un=comment;⠐⠐⠐⠐⠐⠐
test⠐⠐⠐⠐⠐⠐i⠐⠐⠐⠐⠐⠐
------------------------------------------------------------
⠐⠐⠐⠐⠐⠐//⠐test⠐⠐⠐⠐⠐⠐i⠐⠐⠐⠐⠐⠐
~~~~~~~~~~~~~~~~~~~~~~~~~~~~~~~~~~~~~~~~~~~~~~~~~~~~~~~~~~~~


⠐⠐⠐⠐⠐⠐//⠐###[IF]test=1;un=comment;⠐⠐⠐⠐⠐⠐
⠐itest⠐⠐⠐⠐⠐⠐
------------------------------------------------------------
⠐i⠐⠐//⠐test⠐⠐⠐⠐⠐⠐
~~~~~~~~~~~~~~~~~~~~~~~~~~~~~~~~~~~~~~~~~~~~~~~~~~~~~~~~~~~~


⠐⠐⠐⠐⠐⠐//⠐###[IF]test=1;un=comment;⠐⠐⠐⠐⠐⠐
test⠐⠐⠐⠐⠐⠐
------------------------------------------------------------
//⠐test⠐⠐⠐⠐⠐⠐
~~~~~~~~~~~~~~~~~~~~~~~~~~~~~~~~~~~~~~~~~~~~~~~~~~~~~~~~~~~~


⠐⠐⠐⠐⠐⠐//⠐###[IF]test=1;rm=comment;⠐⠐⠐⠐⠐⠐

------------------------------------------------------------
⠐⠐⠐⠐⠐⠐//⠐test⠐⠐⠐⠐⠐⠐
~~~~~~~~~~~~~~~~~~~~~~~~~~~~~~~~~~~~~~~~~~~~~~~~~~~~~~~~~~~~


⠐⠐⠐⠐⠐⠐//⠐###[IF]test=1;rm=comment;⠐⠐⠐⠐⠐⠐

------------------------------------------------------------
⠐⠐⠐⠐⠐⠐//⠐test⠐⠐⠐⠐⠐⠐i⠐⠐⠐⠐⠐⠐
~~~~~~~~~~~~~~~~~~~~~~~~~~~~~~~~~~~~~~~~~~~~~~~~~~~~~~~~~~~~


⠐⠐⠐⠐⠐⠐//⠐###[IF]test=1;rm=comment;⠐⠐⠐⠐⠐⠐
⠐i
------------------------------------------------------------
⠐i⠐⠐//⠐test⠐⠐⠐⠐⠐⠐
~~~~~~~~~~~~~~~~~~~~~~~~~~~~~~~~~~~~~~~~~~~~~~~~~~~~~~~~~~~~


⠐⠐⠐⠐⠐⠐//⠐###[IF]test=1;rm=comment;⠐⠐⠐⠐⠐⠐

------------------------------------------------------------
//⠐test⠐⠐⠐⠐⠐⠐
~~~~~~~~~~~~~~~~~~~~~~~~~~~~~~~~~~~~~~~~~~~~~~~~~~~~~~~~~~~~




================================================================================
keepPadEnd
{"keepPadStart":false,"keepPadIn":false,"keepPadEnd":true}

⠐⠐⠐⠐⠐⠐//⠐###[IF]test=1;un=comment;⠐⠐⠐⠐⠐⠐
test⠐⠐⠐⠐⠐⠐
------------------------------------------------------------
⠐⠐⠐⠐⠐⠐//⠐test⠐⠐⠐⠐⠐⠐
~~~~~~~~~~~~~~~~~~~~~~~~~~~~~~~~~~~~~~~~~~~~~~~~~~~~~~~~~~~~


⠐⠐⠐⠐⠐⠐//⠐###[IF]test=1;un=comment;⠐⠐⠐⠐⠐⠐
test⠐⠐⠐⠐⠐⠐i⠐⠐⠐⠐⠐⠐
------------------------------------------------------------
⠐⠐⠐⠐⠐⠐//⠐test⠐⠐⠐⠐⠐⠐i⠐⠐⠐⠐⠐⠐
~~~~~~~~~~~~~~~~~~~~~~~~~~~~~~~~~~~~~~~~~~~~~~~~~~~~~~~~~~~~


⠐⠐⠐⠐⠐⠐//⠐###[IF]test=1;un=comment;⠐⠐⠐⠐⠐⠐
⠐itest⠐⠐⠐⠐⠐⠐
------------------------------------------------------------
⠐i⠐⠐//⠐test⠐⠐⠐⠐⠐⠐
~~~~~~~~~~~~~~~~~~~~~~~~~~~~~~~~~~~~~~~~~~~~~~~~~~~~~~~~~~~~


⠐⠐⠐⠐⠐⠐//⠐###[IF]test=1;un=comment;⠐⠐⠐⠐⠐⠐
test⠐⠐⠐⠐⠐⠐
------------------------------------------------------------
//⠐test⠐⠐⠐⠐⠐⠐
~~~~~~~~~~~~~~~~~~~~~~~~~~~~~~~~~~~~~~~~~~~~~~~~~~~~~~~~~~~~


⠐⠐⠐⠐⠐⠐//⠐###[IF]test=1;rm=comment;⠐⠐⠐⠐⠐⠐

------------------------------------------------------------
⠐⠐⠐⠐⠐⠐//⠐test⠐⠐⠐⠐⠐⠐
~~~~~~~~~~~~~~~~~~~~~~~~~~~~~~~~~~~~~~~~~~~~~~~~~~~~~~~~~~~~


⠐⠐⠐⠐⠐⠐//⠐###[IF]test=1;rm=comment;⠐⠐⠐⠐⠐⠐

------------------------------------------------------------
⠐⠐⠐⠐⠐⠐//⠐test⠐⠐⠐⠐⠐⠐i⠐⠐⠐⠐⠐⠐
~~~~~~~~~~~~~~~~~~~~~~~~~~~~~~~~~~~~~~~~~~~~~~~~~~~~~~~~~~~~


⠐⠐⠐⠐⠐⠐//⠐###[IF]test=1;rm=comment;⠐⠐⠐⠐⠐⠐
⠐i
------------------------------------------------------------
⠐i⠐⠐//⠐test⠐⠐⠐⠐⠐⠐
~~~~~~~~~~~~~~~~~~~~~~~~~~~~~~~~~~~~~~~~~~~~~~~~~~~~~~~~~~~~


⠐⠐⠐⠐⠐⠐//⠐###[IF]test=1;rm=comment;⠐⠐⠐⠐⠐⠐

------------------------------------------------------------
//⠐test⠐⠐⠐⠐⠐⠐
~~~~~~~~~~~~~~~~~~~~~~~~~~~~~~~~~~~~~~~~~~~~~~~~~~~~~~~~~~~~




================================================================================
keepPadIn
{"keepPadStart":false,"keepPadIn":true,"keepPadEnd":false}

⠐⠐⠐⠐⠐⠐//⠐###[IF]test=1;un=comment;⠐⠐⠐⠐⠐⠐
⠐test⠐⠐⠐⠐⠐⠐
------------------------------------------------------------
⠐⠐⠐⠐⠐⠐//⠐test⠐⠐⠐⠐⠐⠐
~~~~~~~~~~~~~~~~~~~~~~~~~~~~~~~~~~~~~~~~~~~~~~~~~~~~~~~~~~~~


⠐⠐⠐⠐⠐⠐//⠐###[IF]test=1;un=comment;⠐⠐⠐⠐⠐⠐
⠐test⠐⠐⠐⠐⠐⠐i⠐⠐⠐⠐⠐⠐
------------------------------------------------------------
⠐⠐⠐⠐⠐⠐//⠐test⠐⠐⠐⠐⠐⠐i⠐⠐⠐⠐⠐⠐
~~~~~~~~~~~~~~~~~~~~~~~~~~~~~~~~~~~~~~~~~~~~~~~~~~~~~~~~~~~~


⠐⠐⠐⠐⠐⠐//⠐###[IF]test=1;un=comment;⠐⠐⠐⠐⠐⠐
⠐i⠐test⠐⠐⠐⠐⠐⠐
------------------------------------------------------------
⠐i⠐⠐//⠐test⠐⠐⠐⠐⠐⠐
~~~~~~~~~~~~~~~~~~~~~~~~~~~~~~~~~~~~~~~~~~~~~~~~~~~~~~~~~~~~


⠐⠐⠐⠐⠐⠐//⠐###[IF]test=1;un=comment;⠐⠐⠐⠐⠐⠐
⠐test⠐⠐⠐⠐⠐⠐
------------------------------------------------------------
//⠐test⠐⠐⠐⠐⠐⠐
~~~~~~~~~~~~~~~~~~~~~~~~~~~~~~~~~~~~~~~~~~~~~~~~~~~~~~~~~~~~


⠐⠐⠐⠐⠐⠐//⠐###[IF]test=1;rm=comment;⠐⠐⠐⠐⠐⠐

------------------------------------------------------------
⠐⠐⠐⠐⠐⠐//⠐test⠐⠐⠐⠐⠐⠐
~~~~~~~~~~~~~~~~~~~~~~~~~~~~~~~~~~~~~~~~~~~~~~~~~~~~~~~~~~~~


⠐⠐⠐⠐⠐⠐//⠐###[IF]test=1;rm=comment;⠐⠐⠐⠐⠐⠐

------------------------------------------------------------
⠐⠐⠐⠐⠐⠐//⠐test⠐⠐⠐⠐⠐⠐i⠐⠐⠐⠐⠐⠐
~~~~~~~~~~~~~~~~~~~~~~~~~~~~~~~~~~~~~~~~~~~~~~~~~~~~~~~~~~~~


⠐⠐⠐⠐⠐⠐//⠐###[IF]test=1;rm=comment;⠐⠐⠐⠐⠐⠐
⠐i
------------------------------------------------------------
⠐i⠐⠐//⠐test⠐⠐⠐⠐⠐⠐
~~~~~~~~~~~~~~~~~~~~~~~~~~~~~~~~~~~~~~~~~~~~~~~~~~~~~~~~~~~~


⠐⠐⠐⠐⠐⠐//⠐###[IF]test=1;rm=comment;⠐⠐⠐⠐⠐⠐

------------------------------------------------------------
//⠐test⠐⠐⠐⠐⠐⠐
~~~~~~~~~~~~~~~~~~~~~~~~~~~~~~~~~~~~~~~~~~~~~~~~~~~~~~~~~~~~




================================================================================
keepPadIn, keepPadEnd
{"keepPadStart":false,"keepPadIn":true,"keepPadEnd":true}

⠐⠐⠐⠐⠐⠐//⠐###[IF]test=1;un=comment;⠐⠐⠐⠐⠐⠐
⠐test⠐⠐⠐⠐⠐⠐
------------------------------------------------------------
⠐⠐⠐⠐⠐⠐//⠐test⠐⠐⠐⠐⠐⠐
~~~~~~~~~~~~~~~~~~~~~~~~~~~~~~~~~~~~~~~~~~~~~~~~~~~~~~~~~~~~


⠐⠐⠐⠐⠐⠐//⠐###[IF]test=1;un=comment;⠐⠐⠐⠐⠐⠐
⠐test⠐⠐⠐⠐⠐⠐i⠐⠐⠐⠐⠐⠐
------------------------------------------------------------
⠐⠐⠐⠐⠐⠐//⠐test⠐⠐⠐⠐⠐⠐i⠐⠐⠐⠐⠐⠐
~~~~~~~~~~~~~~~~~~~~~~~~~~~~~~~~~~~~~~~~~~~~~~~~~~~~~~~~~~~~


⠐⠐⠐⠐⠐⠐//⠐###[IF]test=1;un=comment;⠐⠐⠐⠐⠐⠐
⠐i⠐test⠐⠐⠐⠐⠐⠐
------------------------------------------------------------
⠐i⠐⠐//⠐test⠐⠐⠐⠐⠐⠐
~~~~~~~~~~~~~~~~~~~~~~~~~~~~~~~~~~~~~~~~~~~~~~~~~~~~~~~~~~~~


⠐⠐⠐⠐⠐⠐//⠐###[IF]test=1;un=comment;⠐⠐⠐⠐⠐⠐
⠐test⠐⠐⠐⠐⠐⠐
------------------------------------------------------------
//⠐test⠐⠐⠐⠐⠐⠐
~~~~~~~~~~~~~~~~~~~~~~~~~~~~~~~~~~~~~~~~~~~~~~~~~~~~~~~~~~~~


⠐⠐⠐⠐⠐⠐//⠐###[IF]test=1;rm=comment;⠐⠐⠐⠐⠐⠐

------------------------------------------------------------
⠐⠐⠐⠐⠐⠐//⠐test⠐⠐⠐⠐⠐⠐
~~~~~~~~~~~~~~~~~~~~~~~~~~~~~~~~~~~~~~~~~~~~~~~~~~~~~~~~~~~~


⠐⠐⠐⠐⠐⠐//⠐###[IF]test=1;rm=comment;⠐⠐⠐⠐⠐⠐

------------------------------------------------------------
⠐⠐⠐⠐⠐⠐//⠐test⠐⠐⠐⠐⠐⠐i⠐⠐⠐⠐⠐⠐
~~~~~~~~~~~~~~~~~~~~~~~~~~~~~~~~~~~~~~~~~~~~~~~~~~~~~~~~~~~~


⠐⠐⠐⠐⠐⠐//⠐###[IF]test=1;rm=comment;⠐⠐⠐⠐⠐⠐
⠐i
------------------------------------------------------------
⠐i⠐⠐//⠐test⠐⠐⠐⠐⠐⠐
~~~~~~~~~~~~~~~~~~~~~~~~~~~~~~~~~~~~~~~~~~~~~~~~~~~~~~~~~~~~


⠐⠐⠐⠐⠐⠐//⠐###[IF]test=1;rm=comment;⠐⠐⠐⠐⠐⠐

------------------------------------------------------------
//⠐test⠐⠐⠐⠐⠐⠐
~~~~~~~~~~~~~~~~~~~~~~~~~~~~~~~~~~~~~~~~~~~~~~~~~~~~~~~~~~~~




================================================================================
keepPadStart
{"keepPadStart":true,"keepPadIn":false,"keepPadEnd":false}

⠐⠐⠐⠐⠐⠐//⠐###[IF]test=1;un=comment;⠐⠐⠐⠐⠐⠐
⠐⠐⠐⠐⠐⠐test⠐⠐⠐⠐⠐⠐
------------------------------------------------------------
⠐⠐⠐⠐⠐⠐//⠐test⠐⠐⠐⠐⠐⠐
~~~~~~~~~~~~~~~~~~~~~~~~~~~~~~~~~~~~~~~~~~~~~~~~~~~~~~~~~~~~


⠐⠐⠐⠐⠐⠐//⠐###[IF]test=1;un=comment;⠐⠐⠐⠐⠐⠐
⠐⠐⠐⠐⠐⠐test⠐⠐⠐⠐⠐⠐i⠐⠐⠐⠐⠐⠐
------------------------------------------------------------
⠐⠐⠐⠐⠐⠐//⠐test⠐⠐⠐⠐⠐⠐i⠐⠐⠐⠐⠐⠐
~~~~~~~~~~~~~~~~~~~~~~~~~~~~~~~~~~~~~~~~~~~~~~~~~~~~~~~~~~~~


⠐⠐⠐⠐⠐⠐//⠐###[IF]test=1;un=comment;⠐⠐⠐⠐⠐⠐
⠐i⠐⠐test⠐⠐⠐⠐⠐⠐
------------------------------------------------------------
⠐i⠐⠐//⠐test⠐⠐⠐⠐⠐⠐
~~~~~~~~~~~~~~~~~~~~~~~~~~~~~~~~~~~~~~~~~~~~~~~~~~~~~~~~~~~~


⠐⠐⠐⠐⠐⠐//⠐###[IF]test=1;un=comment;⠐⠐⠐⠐⠐⠐
test⠐⠐⠐⠐⠐⠐
------------------------------------------------------------
//⠐test⠐⠐⠐⠐⠐⠐
~~~~~~~~~~~~~~~~~~~~~~~~~~~~~~~~~~~~~~~~~~~~~~~~~~~~~~~~~~~~


⠐⠐⠐⠐⠐⠐//⠐###[IF]test=1;rm=comment;⠐⠐⠐⠐⠐⠐

------------------------------------------------------------
⠐⠐⠐⠐⠐⠐//⠐test⠐⠐⠐⠐⠐⠐
~~~~~~~~~~~~~~~~~~~~~~~~~~~~~~~~~~~~~~~~~~~~~~~~~~~~~~~~~~~~


⠐⠐⠐⠐⠐⠐//⠐###[IF]test=1;rm=comment;⠐⠐⠐⠐⠐⠐

------------------------------------------------------------
⠐⠐⠐⠐⠐⠐//⠐test⠐⠐⠐⠐⠐⠐i⠐⠐⠐⠐⠐⠐
~~~~~~~~~~~~~~~~~~~~~~~~~~~~~~~~~~~~~~~~~~~~~~~~~~~~~~~~~~~~


⠐⠐⠐⠐⠐⠐//⠐###[IF]test=1;rm=comment;⠐⠐⠐⠐⠐⠐
⠐i
------------------------------------------------------------
⠐i⠐⠐//⠐test⠐⠐⠐⠐⠐⠐
~~~~~~~~~~~~~~~~~~~~~~~~~~~~~~~~~~~~~~~~~~~~~~~~~~~~~~~~~~~~


⠐⠐⠐⠐⠐⠐//⠐###[IF]test=1;rm=comment;⠐⠐⠐⠐⠐⠐

------------------------------------------------------------
//⠐test⠐⠐⠐⠐⠐⠐
~~~~~~~~~~~~~~~~~~~~~~~~~~~~~~~~~~~~~~~~~~~~~~~~~~~~~~~~~~~~




================================================================================
keepPadStart, keepPadEnd
{"keepPadStart":true,"keepPadIn":false,"keepPadEnd":true}

⠐⠐⠐⠐⠐⠐//⠐###[IF]test=1;un=comment;⠐⠐⠐⠐⠐⠐
⠐⠐⠐⠐⠐⠐test⠐⠐⠐⠐⠐⠐
------------------------------------------------------------
⠐⠐⠐⠐⠐⠐//⠐test⠐⠐⠐⠐⠐⠐
~~~~~~~~~~~~~~~~~~~~~~~~~~~~~~~~~~~~~~~~~~~~~~~~~~~~~~~~~~~~


⠐⠐⠐⠐⠐⠐//⠐###[IF]test=1;un=comment;⠐⠐⠐⠐⠐⠐
⠐⠐⠐⠐⠐⠐test⠐⠐⠐⠐⠐⠐i⠐⠐⠐⠐⠐⠐
------------------------------------------------------------
⠐⠐⠐⠐⠐⠐//⠐test⠐⠐⠐⠐⠐⠐i⠐⠐⠐⠐⠐⠐
~~~~~~~~~~~~~~~~~~~~~~~~~~~~~~~~~~~~~~~~~~~~~~~~~~~~~~~~~~~~


⠐⠐⠐⠐⠐⠐//⠐###[IF]test=1;un=comment;⠐⠐⠐⠐⠐⠐
⠐i⠐⠐test⠐⠐⠐⠐⠐⠐
------------------------------------------------------------
⠐i⠐⠐//⠐test⠐⠐⠐⠐⠐⠐
~~~~~~~~~~~~~~~~~~~~~~~~~~~~~~~~~~~~~~~~~~~~~~~~~~~~~~~~~~~~


⠐⠐⠐⠐⠐⠐//⠐###[IF]test=1;un=comment;⠐⠐⠐⠐⠐⠐
test⠐⠐⠐⠐⠐⠐
------------------------------------------------------------
//⠐test⠐⠐⠐⠐⠐⠐
~~~~~~~~~~~~~~~~~~~~~~~~~~~~~~~~~~~~~~~~~~~~~~~~~~~~~~~~~~~~


⠐⠐⠐⠐⠐⠐//⠐###[IF]test=1;rm=comment;⠐⠐⠐⠐⠐⠐

------------------------------------------------------------
⠐⠐⠐⠐⠐⠐//⠐test⠐⠐⠐⠐⠐⠐
~~~~~~~~~~~~~~~~~~~~~~~~~~~~~~~~~~~~~~~~~~~~~~~~~~~~~~~~~~~~


⠐⠐⠐⠐⠐⠐//⠐###[IF]test=1;rm=comment;⠐⠐⠐⠐⠐⠐

------------------------------------------------------------
⠐⠐⠐⠐⠐⠐//⠐test⠐⠐⠐⠐⠐⠐i⠐⠐⠐⠐⠐⠐
~~~~~~~~~~~~~~~~~~~~~~~~~~~~~~~~~~~~~~~~~~~~~~~~~~~~~~~~~~~~


⠐⠐⠐⠐⠐⠐//⠐###[IF]test=1;rm=comment;⠐⠐⠐⠐⠐⠐
⠐i
------------------------------------------------------------
⠐i⠐⠐//⠐test⠐⠐⠐⠐⠐⠐
~~~~~~~~~~~~~~~~~~~~~~~~~~~~~~~~~~~~~~~~~~~~~~~~~~~~~~~~~~~~


⠐⠐⠐⠐⠐⠐//⠐###[IF]test=1;rm=comment;⠐⠐⠐⠐⠐⠐

------------------------------------------------------------
//⠐test⠐⠐⠐⠐⠐⠐
~~~~~~~~~~~~~~~~~~~~~~~~~~~~~~~~~~~~~~~~~~~~~~~~~~~~~~~~~~~~




================================================================================
keepPadStart, keepPadIn
{"keepPadStart":true,"keepPadIn":true,"keepPadEnd":false}

⠐⠐⠐⠐⠐⠐//⠐###[IF]test=1;un=comment;⠐⠐⠐⠐⠐⠐
⠐⠐⠐⠐⠐⠐⠐test⠐⠐⠐⠐⠐⠐
------------------------------------------------------------
⠐⠐⠐⠐⠐⠐//⠐test⠐⠐⠐⠐⠐⠐
~~~~~~~~~~~~~~~~~~~~~~~~~~~~~~~~~~~~~~~~~~~~~~~~~~~~~~~~~~~~


⠐⠐⠐⠐⠐⠐//⠐###[IF]test=1;un=comment;⠐⠐⠐⠐⠐⠐
⠐⠐⠐⠐⠐⠐⠐test⠐⠐⠐⠐⠐⠐i⠐⠐⠐⠐⠐⠐
------------------------------------------------------------
⠐⠐⠐⠐⠐⠐//⠐test⠐⠐⠐⠐⠐⠐i⠐⠐⠐⠐⠐⠐
~~~~~~~~~~~~~~~~~~~~~~~~~~~~~~~~~~~~~~~~~~~~~~~~~~~~~~~~~~~~


⠐⠐⠐⠐⠐⠐//⠐###[IF]test=1;un=comment;⠐⠐⠐⠐⠐⠐
⠐i⠐⠐⠐test⠐⠐⠐⠐⠐⠐
------------------------------------------------------------
⠐i⠐⠐//⠐test⠐⠐⠐⠐⠐⠐
~~~~~~~~~~~~~~~~~~~~~~~~~~~~~~~~~~~~~~~~~~~~~~~~~~~~~~~~~~~~


⠐⠐⠐⠐⠐⠐//⠐###[IF]test=1;un=comment;⠐⠐⠐⠐⠐⠐
⠐test⠐⠐⠐⠐⠐⠐
------------------------------------------------------------
//⠐test⠐⠐⠐⠐⠐⠐
~~~~~~~~~~~~~~~~~~~~~~~~~~~~~~~~~~~~~~~~~~~~~~~~~~~~~~~~~~~~


⠐⠐⠐⠐⠐⠐//⠐###[IF]test=1;rm=comment;⠐⠐⠐⠐⠐⠐

------------------------------------------------------------
⠐⠐⠐⠐⠐⠐//⠐test⠐⠐⠐⠐⠐⠐
~~~~~~~~~~~~~~~~~~~~~~~~~~~~~~~~~~~~~~~~~~~~~~~~~~~~~~~~~~~~


⠐⠐⠐⠐⠐⠐//⠐###[IF]test=1;rm=comment;⠐⠐⠐⠐⠐⠐

------------------------------------------------------------
⠐⠐⠐⠐⠐⠐//⠐test⠐⠐⠐⠐⠐⠐i⠐⠐⠐⠐⠐⠐
~~~~~~~~~~~~~~~~~~~~~~~~~~~~~~~~~~~~~~~~~~~~~~~~~~~~~~~~~~~~


⠐⠐⠐⠐⠐⠐//⠐###[IF]test=1;rm=comment;⠐⠐⠐⠐⠐⠐
⠐i
------------------------------------------------------------
⠐i⠐⠐//⠐test⠐⠐⠐⠐⠐⠐
~~~~~~~~~~~~~~~~~~~~~~~~~~~~~~~~~~~~~~~~~~~~~~~~~~~~~~~~~~~~


⠐⠐⠐⠐⠐⠐//⠐###[IF]test=1;rm=comment;⠐⠐⠐⠐⠐⠐

------------------------------------------------------------
//⠐test⠐⠐⠐⠐⠐⠐
~~~~~~~~~~~~~~~~~~~~~~~~~~~~~~~~~~~~~~~~~~~~~~~~~~~~~~~~~~~~




================================================================================
keepPadStart, keepPadIn, keepPadEnd
{"keepPadStart":true,"keepPadIn":true,"keepPadEnd":true}

⠐⠐⠐⠐⠐⠐//⠐###[IF]test=1;un=comment;⠐⠐⠐⠐⠐⠐
⠐⠐⠐⠐⠐⠐⠐test⠐⠐⠐⠐⠐⠐
------------------------------------------------------------
⠐⠐⠐⠐⠐⠐//⠐test⠐⠐⠐⠐⠐⠐
~~~~~~~~~~~~~~~~~~~~~~~~~~~~~~~~~~~~~~~~~~~~~~~~~~~~~~~~~~~~


⠐⠐⠐⠐⠐⠐//⠐###[IF]test=1;un=comment;⠐⠐⠐⠐⠐⠐
⠐⠐⠐⠐⠐⠐⠐test⠐⠐⠐⠐⠐⠐i⠐⠐⠐⠐⠐⠐
------------------------------------------------------------
⠐⠐⠐⠐⠐⠐//⠐test⠐⠐⠐⠐⠐⠐i⠐⠐⠐⠐⠐⠐
~~~~~~~~~~~~~~~~~~~~~~~~~~~~~~~~~~~~~~~~~~~~~~~~~~~~~~~~~~~~


⠐⠐⠐⠐⠐⠐//⠐###[IF]test=1;un=comment;⠐⠐⠐⠐⠐⠐
⠐i⠐⠐⠐test⠐⠐⠐⠐⠐⠐
------------------------------------------------------------
⠐i⠐⠐//⠐test⠐⠐⠐⠐⠐⠐
~~~~~~~~~~~~~~~~~~~~~~~~~~~~~~~~~~~~~~~~~~~~~~~~~~~~~~~~~~~~


⠐⠐⠐⠐⠐⠐//⠐###[IF]test=1;un=comment;⠐⠐⠐⠐⠐⠐
⠐test⠐⠐⠐⠐⠐⠐
------------------------------------------------------------
//⠐test⠐⠐⠐⠐⠐⠐
~~~~~~~~~~~~~~~~~~~~~~~~~~~~~~~~~~~~~~~~~~~~~~~~~~~~~~~~~~~~


⠐⠐⠐⠐⠐⠐//⠐###[IF]test=1;rm=comment;⠐⠐⠐⠐⠐⠐

------------------------------------------------------------
⠐⠐⠐⠐⠐⠐//⠐test⠐⠐⠐⠐⠐⠐
~~~~~~~~~~~~~~~~~~~~~~~~~~~~~~~~~~~~~~~~~~~~~~~~~~~~~~~~~~~~


⠐⠐⠐⠐⠐⠐//⠐###[IF]test=1;rm=comment;⠐⠐⠐⠐⠐⠐

------------------------------------------------------------
⠐⠐⠐⠐⠐⠐//⠐test⠐⠐⠐⠐⠐⠐i⠐⠐⠐⠐⠐⠐
~~~~~~~~~~~~~~~~~~~~~~~~~~~~~~~~~~~~~~~~~~~~~~~~~~~~~~~~~~~~


⠐⠐⠐⠐⠐⠐//⠐###[IF]test=1;rm=comment;⠐⠐⠐⠐⠐⠐
⠐i
------------------------------------------------------------
⠐i⠐⠐//⠐test⠐⠐⠐⠐⠐⠐
~~~~~~~~~~~~~~~~~~~~~~~~~~~~~~~~~~~~~~~~~~~~~~~~~~~~~~~~~~~~


⠐⠐⠐⠐⠐⠐//⠐###[IF]test=1;rm=comment;⠐⠐⠐⠐⠐⠐

------------------------------------------------------------
//⠐test⠐⠐⠐⠐⠐⠐
~~~~~~~~~~~~~~~~~~~~~~~~~~~~~~~~~~~~~~~~~~~~~~~~~~~~~~~~~~~~
