

================================================================================

{"keepPadStart":false,"keepPadIn":false,"keepPadEnd":false}

<!--⠐###[IF]test=1;un=comment;⠐⠐⠐⠐⠐⠐⠐-->
test
------------------------------------------------------------
⠐⠐⠐⠐⠐⠐<!--⠐⠐⠐⠐⠐⠐test⠐⠐⠐⠐⠐⠐-->⠐⠐⠐⠐⠐⠐
~~~~~~~~~~~~~~~~~~~~~~~~~~~~~~~~~~~~~~~~~~~~~~~~~~~~~~~~~~~~


<!--⠐###[IF]test=1;un=comment;⠐⠐⠐⠐⠐⠐⠐-->
⠐⠐⠐⠐⠐⠐itesti⠐⠐⠐⠐⠐⠐
------------------------------------------------------------
⠐⠐⠐⠐⠐⠐i⠐⠐⠐⠐⠐⠐<!--⠐⠐⠐⠐⠐⠐test⠐⠐⠐⠐⠐⠐-->⠐⠐⠐⠐⠐⠐i⠐⠐⠐⠐⠐⠐
~~~~~~~~~~~~~~~~~~~~~~~~~~~~~~~~~~~~~~~~~~~~~~~~~~~~~~~~~~~~


<!--⠐###[IF]test=1;rm=comment;⠐⠐⠐⠐⠐⠐⠐-->

------------------------------------------------------------
⠐⠐⠐⠐⠐⠐<!--⠐⠐⠐⠐⠐⠐test⠐⠐⠐⠐⠐⠐-->⠐⠐⠐⠐⠐⠐
~~~~~~~~~~~~~~~~~~~~~~~~~~~~~~~~~~~~~~~~~~~~~~~~~~~~~~~~~~~~


<!--⠐###[IF]test=1;rm=comment;⠐⠐⠐⠐⠐⠐⠐-->
⠐⠐⠐⠐⠐⠐ii⠐⠐⠐⠐⠐⠐
------------------------------------------------------------
⠐⠐⠐⠐⠐⠐i⠐⠐⠐⠐⠐⠐<!--⠐⠐⠐⠐⠐⠐test⠐⠐⠐⠐⠐⠐-->⠐⠐⠐⠐⠐⠐i⠐⠐⠐⠐⠐⠐
~~~~~~~~~~~~~~~~~~~~~~~~~~~~~~~~~~~~~~~~~~~~~~~~~~~~~~~~~~~~




================================================================================
keepPadEnd
{"keepPadStart":false,"keepPadIn":false,"keepPadEnd":true}

<!--⠐###[IF]test=1;un=comment;⠐⠐⠐⠐⠐⠐⠐-->
test⠐⠐⠐⠐⠐⠐
------------------------------------------------------------
⠐⠐⠐⠐⠐⠐<!--⠐⠐⠐⠐⠐⠐test⠐⠐⠐⠐⠐⠐-->⠐⠐⠐⠐⠐⠐
~~~~~~~~~~~~~~~~~~~~~~~~~~~~~~~~~~~~~~~~~~~~~~~~~~~~~~~~~~~~


<!--⠐###[IF]test=1;un=comment;⠐⠐⠐⠐⠐⠐⠐-->
⠐⠐⠐⠐⠐⠐itest⠐⠐⠐⠐⠐⠐i⠐⠐⠐⠐⠐⠐
------------------------------------------------------------
⠐⠐⠐⠐⠐⠐i⠐⠐⠐⠐⠐⠐<!--⠐⠐⠐⠐⠐⠐test⠐⠐⠐⠐⠐⠐-->⠐⠐⠐⠐⠐⠐i⠐⠐⠐⠐⠐⠐
~~~~~~~~~~~~~~~~~~~~~~~~~~~~~~~~~~~~~~~~~~~~~~~~~~~~~~~~~~~~


<!--⠐###[IF]test=1;rm=comment;⠐⠐⠐⠐⠐⠐⠐-->

------------------------------------------------------------
⠐⠐⠐⠐⠐⠐<!--⠐⠐⠐⠐⠐⠐test⠐⠐⠐⠐⠐⠐-->⠐⠐⠐⠐⠐⠐
~~~~~~~~~~~~~~~~~~~~~~~~~~~~~~~~~~~~~~~~~~~~~~~~~~~~~~~~~~~~


<!--⠐###[IF]test=1;rm=comment;⠐⠐⠐⠐⠐⠐⠐-->
⠐⠐⠐⠐⠐⠐ii⠐⠐⠐⠐⠐⠐
------------------------------------------------------------
⠐⠐⠐⠐⠐⠐i⠐⠐⠐⠐⠐⠐<!--⠐⠐⠐⠐⠐⠐test⠐⠐⠐⠐⠐⠐-->⠐⠐⠐⠐⠐⠐i⠐⠐⠐⠐⠐⠐
~~~~~~~~~~~~~~~~~~~~~~~~~~~~~~~~~~~~~~~~~~~~~~~~~~~~~~~~~~~~




================================================================================
keepPadIn
{"keepPadStart":false,"keepPadIn":true,"keepPadEnd":false}

<!--⠐###[IF]test=1;un=comment;⠐⠐⠐⠐⠐⠐⠐-->
⠐⠐⠐⠐⠐⠐test⠐⠐⠐⠐⠐⠐
------------------------------------------------------------
⠐⠐⠐⠐⠐⠐<!--⠐⠐⠐⠐⠐⠐test⠐⠐⠐⠐⠐⠐-->⠐⠐⠐⠐⠐⠐
~~~~~~~~~~~~~~~~~~~~~~~~~~~~~~~~~~~~~~~~~~~~~~~~~~~~~~~~~~~~


<!--⠐###[IF]test=1;un=comment;⠐⠐⠐⠐⠐⠐⠐-->
⠐⠐⠐⠐⠐⠐i⠐⠐⠐⠐⠐⠐test⠐⠐⠐⠐⠐⠐i⠐⠐⠐⠐⠐⠐
------------------------------------------------------------
⠐⠐⠐⠐⠐⠐i⠐⠐⠐⠐⠐⠐<!--⠐⠐⠐⠐⠐⠐test⠐⠐⠐⠐⠐⠐-->⠐⠐⠐⠐⠐⠐i⠐⠐⠐⠐⠐⠐
~~~~~~~~~~~~~~~~~~~~~~~~~~~~~~~~~~~~~~~~~~~~~~~~~~~~~~~~~~~~


<!--⠐###[IF]test=1;rm=comment;⠐⠐⠐⠐⠐⠐⠐-->

------------------------------------------------------------
⠐⠐⠐⠐⠐⠐<!--⠐⠐⠐⠐⠐⠐test⠐⠐⠐⠐⠐⠐-->⠐⠐⠐⠐⠐⠐
~~~~~~~~~~~~~~~~~~~~~~~~~~~~~~~~~~~~~~~~~~~~~~~~~~~~~~~~~~~~


<!--⠐###[IF]test=1;rm=comment;⠐⠐⠐⠐⠐⠐⠐-->
⠐⠐⠐⠐⠐⠐ii⠐⠐⠐⠐⠐⠐
------------------------------------------------------------
⠐⠐⠐⠐⠐⠐i⠐⠐⠐⠐⠐⠐<!--⠐⠐⠐⠐⠐⠐test⠐⠐⠐⠐⠐⠐-->⠐⠐⠐⠐⠐⠐i⠐⠐⠐⠐⠐⠐
~~~~~~~~~~~~~~~~~~~~~~~~~~~~~~~~~~~~~~~~~~~~~~~~~~~~~~~~~~~~




================================================================================
keepPadIn, keepPadEnd
{"keepPadStart":false,"keepPadIn":true,"keepPadEnd":true}

<!--⠐###[IF]test=1;un=comment;⠐⠐⠐⠐⠐⠐⠐-->
⠐⠐⠐⠐⠐⠐test⠐⠐⠐⠐⠐⠐⠐⠐⠐⠐⠐⠐
------------------------------------------------------------
⠐⠐⠐⠐⠐⠐<!--⠐⠐⠐⠐⠐⠐test⠐⠐⠐⠐⠐⠐-->⠐⠐⠐⠐⠐⠐
~~~~~~~~~~~~~~~~~~~~~~~~~~~~~~~~~~~~~~~~~~~~~~~~~~~~~~~~~~~~


<!--⠐###[IF]test=1;un=comment;⠐⠐⠐⠐⠐⠐⠐-->
⠐⠐⠐⠐⠐⠐i⠐⠐⠐⠐⠐⠐test⠐⠐⠐⠐⠐⠐⠐⠐⠐⠐⠐⠐i⠐⠐⠐⠐⠐⠐
------------------------------------------------------------
⠐⠐⠐⠐⠐⠐i⠐⠐⠐⠐⠐⠐<!--⠐⠐⠐⠐⠐⠐test⠐⠐⠐⠐⠐⠐-->⠐⠐⠐⠐⠐⠐i⠐⠐⠐⠐⠐⠐
~~~~~~~~~~~~~~~~~~~~~~~~~~~~~~~~~~~~~~~~~~~~~~~~~~~~~~~~~~~~


<!--⠐###[IF]test=1;rm=comment;⠐⠐⠐⠐⠐⠐⠐-->

------------------------------------------------------------
⠐⠐⠐⠐⠐⠐<!--⠐⠐⠐⠐⠐⠐test⠐⠐⠐⠐⠐⠐-->⠐⠐⠐⠐⠐⠐
~~~~~~~~~~~~~~~~~~~~~~~~~~~~~~~~~~~~~~~~~~~~~~~~~~~~~~~~~~~~


<!--⠐###[IF]test=1;rm=comment;⠐⠐⠐⠐⠐⠐⠐-->
⠐⠐⠐⠐⠐⠐ii⠐⠐⠐⠐⠐⠐
------------------------------------------------------------
⠐⠐⠐⠐⠐⠐i⠐⠐⠐⠐⠐⠐<!--⠐⠐⠐⠐⠐⠐test⠐⠐⠐⠐⠐⠐-->⠐⠐⠐⠐⠐⠐i⠐⠐⠐⠐⠐⠐
~~~~~~~~~~~~~~~~~~~~~~~~~~~~~~~~~~~~~~~~~~~~~~~~~~~~~~~~~~~~




================================================================================
keepPadStart
{"keepPadStart":true,"keepPadIn":false,"keepPadEnd":false}

<!--⠐###[IF]test=1;un=comment;⠐⠐⠐⠐⠐⠐⠐-->
⠐⠐⠐⠐⠐⠐test
------------------------------------------------------------
⠐⠐⠐⠐⠐⠐<!--⠐⠐⠐⠐⠐⠐test⠐⠐⠐⠐⠐⠐-->⠐⠐⠐⠐⠐⠐
~~~~~~~~~~~~~~~~~~~~~~~~~~~~~~~~~~~~~~~~~~~~~~~~~~~~~~~~~~~~


<!--⠐###[IF]test=1;un=comment;⠐⠐⠐⠐⠐⠐⠐-->
⠐⠐⠐⠐⠐⠐i⠐⠐⠐⠐⠐⠐testi⠐⠐⠐⠐⠐⠐
------------------------------------------------------------
⠐⠐⠐⠐⠐⠐i⠐⠐⠐⠐⠐⠐<!--⠐⠐⠐⠐⠐⠐test⠐⠐⠐⠐⠐⠐-->⠐⠐⠐⠐⠐⠐i⠐⠐⠐⠐⠐⠐
~~~~~~~~~~~~~~~~~~~~~~~~~~~~~~~~~~~~~~~~~~~~~~~~~~~~~~~~~~~~


<!--⠐###[IF]test=1;rm=comment;⠐⠐⠐⠐⠐⠐⠐-->

------------------------------------------------------------
⠐⠐⠐⠐⠐⠐<!--⠐⠐⠐⠐⠐⠐test⠐⠐⠐⠐⠐⠐-->⠐⠐⠐⠐⠐⠐
~~~~~~~~~~~~~~~~~~~~~~~~~~~~~~~~~~~~~~~~~~~~~~~~~~~~~~~~~~~~


<!--⠐###[IF]test=1;rm=comment;⠐⠐⠐⠐⠐⠐⠐-->
⠐⠐⠐⠐⠐⠐ii⠐⠐⠐⠐⠐⠐
------------------------------------------------------------
⠐⠐⠐⠐⠐⠐i⠐⠐⠐⠐⠐⠐<!--⠐⠐⠐⠐⠐⠐test⠐⠐⠐⠐⠐⠐-->⠐⠐⠐⠐⠐⠐i⠐⠐⠐⠐⠐⠐
~~~~~~~~~~~~~~~~~~~~~~~~~~~~~~~~~~~~~~~~~~~~~~~~~~~~~~~~~~~~




================================================================================
keepPadStart, keepPadEnd
{"keepPadStart":true,"keepPadIn":false,"keepPadEnd":true}

<!--⠐###[IF]test=1;un=comment;⠐⠐⠐⠐⠐⠐⠐-->
⠐⠐⠐⠐⠐⠐test⠐⠐⠐⠐⠐⠐
------------------------------------------------------------
⠐⠐⠐⠐⠐⠐<!--⠐⠐⠐⠐⠐⠐test⠐⠐⠐⠐⠐⠐-->⠐⠐⠐⠐⠐⠐
~~~~~~~~~~~~~~~~~~~~~~~~~~~~~~~~~~~~~~~~~~~~~~~~~~~~~~~~~~~~


<!--⠐###[IF]test=1;un=comment;⠐⠐⠐⠐⠐⠐⠐-->
⠐⠐⠐⠐⠐⠐i⠐⠐⠐⠐⠐⠐test⠐⠐⠐⠐⠐⠐i⠐⠐⠐⠐⠐⠐
------------------------------------------------------------
⠐⠐⠐⠐⠐⠐i⠐⠐⠐⠐⠐⠐<!--⠐⠐⠐⠐⠐⠐test⠐⠐⠐⠐⠐⠐-->⠐⠐⠐⠐⠐⠐i⠐⠐⠐⠐⠐⠐
~~~~~~~~~~~~~~~~~~~~~~~~~~~~~~~~~~~~~~~~~~~~~~~~~~~~~~~~~~~~


<!--⠐###[IF]test=1;rm=comment;⠐⠐⠐⠐⠐⠐⠐-->

------------------------------------------------------------
⠐⠐⠐⠐⠐⠐<!--⠐⠐⠐⠐⠐⠐test⠐⠐⠐⠐⠐⠐-->⠐⠐⠐⠐⠐⠐
~~~~~~~~~~~~~~~~~~~~~~~~~~~~~~~~~~~~~~~~~~~~~~~~~~~~~~~~~~~~


<!--⠐###[IF]test=1;rm=comment;⠐⠐⠐⠐⠐⠐⠐-->
⠐⠐⠐⠐⠐⠐ii⠐⠐⠐⠐⠐⠐
------------------------------------------------------------
⠐⠐⠐⠐⠐⠐i⠐⠐⠐⠐⠐⠐<!--⠐⠐⠐⠐⠐⠐test⠐⠐⠐⠐⠐⠐-->⠐⠐⠐⠐⠐⠐i⠐⠐⠐⠐⠐⠐
~~~~~~~~~~~~~~~~~~~~~~~~~~~~~~~~~~~~~~~~~~~~~~~~~~~~~~~~~~~~




================================================================================
keepPadStart, keepPadIn
{"keepPadStart":true,"keepPadIn":true,"keepPadEnd":false}

<!--⠐###[IF]test=1;un=comment;⠐⠐⠐⠐⠐⠐⠐-->
⠐⠐⠐⠐⠐⠐⠐⠐⠐⠐⠐⠐test⠐⠐⠐⠐⠐⠐
------------------------------------------------------------
⠐⠐⠐⠐⠐⠐<!--⠐⠐⠐⠐⠐⠐test⠐⠐⠐⠐⠐⠐-->⠐⠐⠐⠐⠐⠐
~~~~~~~~~~~~~~~~~~~~~~~~~~~~~~~~~~~~~~~~~~~~~~~~~~~~~~~~~~~~


<!--⠐###[IF]test=1;un=comment;⠐⠐⠐⠐⠐⠐⠐-->
⠐⠐⠐⠐⠐⠐i⠐⠐⠐⠐⠐⠐⠐⠐⠐⠐⠐⠐test⠐⠐⠐⠐⠐⠐i⠐⠐⠐⠐⠐⠐
------------------------------------------------------------
⠐⠐⠐⠐⠐⠐i⠐⠐⠐⠐⠐⠐<!--⠐⠐⠐⠐⠐⠐test⠐⠐⠐⠐⠐⠐-->⠐⠐⠐⠐⠐⠐i⠐⠐⠐⠐⠐⠐
~~~~~~~~~~~~~~~~~~~~~~~~~~~~~~~~~~~~~~~~~~~~~~~~~~~~~~~~~~~~


<!--⠐###[IF]test=1;rm=comment;⠐⠐⠐⠐⠐⠐⠐-->

------------------------------------------------------------
⠐⠐⠐⠐⠐⠐<!--⠐⠐⠐⠐⠐⠐test⠐⠐⠐⠐⠐⠐-->⠐⠐⠐⠐⠐⠐
~~~~~~~~~~~~~~~~~~~~~~~~~~~~~~~~~~~~~~~~~~~~~~~~~~~~~~~~~~~~


<!--⠐###[IF]test=1;rm=comment;⠐⠐⠐⠐⠐⠐⠐-->
⠐⠐⠐⠐⠐⠐ii⠐⠐⠐⠐⠐⠐
------------------------------------------------------------
⠐⠐⠐⠐⠐⠐i⠐⠐⠐⠐⠐⠐<!--⠐⠐⠐⠐⠐⠐test⠐⠐⠐⠐⠐⠐-->⠐⠐⠐⠐⠐⠐i⠐⠐⠐⠐⠐⠐
~~~~~~~~~~~~~~~~~~~~~~~~~~~~~~~~~~~~~~~~~~~~~~~~~~~~~~~~~~~~




================================================================================
keepPadStart, keepPadIn, keepPadEnd
{"keepPadStart":true,"keepPadIn":true,"keepPadEnd":true}

<!--⠐###[IF]test=1;un=comment;⠐⠐⠐⠐⠐⠐⠐-->
⠐⠐⠐⠐⠐⠐⠐⠐⠐⠐⠐⠐test⠐⠐⠐⠐⠐⠐⠐⠐⠐⠐⠐⠐
------------------------------------------------------------
⠐⠐⠐⠐⠐⠐<!--⠐⠐⠐⠐⠐⠐test⠐⠐⠐⠐⠐⠐-->⠐⠐⠐⠐⠐⠐
~~~~~~~~~~~~~~~~~~~~~~~~~~~~~~~~~~~~~~~~~~~~~~~~~~~~~~~~~~~~


<!--⠐###[IF]test=1;un=comment;⠐⠐⠐⠐⠐⠐⠐-->
⠐⠐⠐⠐⠐⠐i⠐⠐⠐⠐⠐⠐⠐⠐⠐⠐⠐⠐test⠐⠐⠐⠐⠐⠐⠐⠐⠐⠐⠐⠐i⠐⠐⠐⠐⠐⠐
------------------------------------------------------------
⠐⠐⠐⠐⠐⠐i⠐⠐⠐⠐⠐⠐<!--⠐⠐⠐⠐⠐⠐test⠐⠐⠐⠐⠐⠐-->⠐⠐⠐⠐⠐⠐i⠐⠐⠐⠐⠐⠐
~~~~~~~~~~~~~~~~~~~~~~~~~~~~~~~~~~~~~~~~~~~~~~~~~~~~~~~~~~~~


<!--⠐###[IF]test=1;rm=comment;⠐⠐⠐⠐⠐⠐⠐-->

------------------------------------------------------------
⠐⠐⠐⠐⠐⠐<!--⠐⠐⠐⠐⠐⠐test⠐⠐⠐⠐⠐⠐-->⠐⠐⠐⠐⠐⠐
~~~~~~~~~~~~~~~~~~~~~~~~~~~~~~~~~~~~~~~~~~~~~~~~~~~~~~~~~~~~


<!--⠐###[IF]test=1;rm=comment;⠐⠐⠐⠐⠐⠐⠐-->
⠐⠐⠐⠐⠐⠐ii⠐⠐⠐⠐⠐⠐
------------------------------------------------------------
⠐⠐⠐⠐⠐⠐i⠐⠐⠐⠐⠐⠐<!--⠐⠐⠐⠐⠐⠐test⠐⠐⠐⠐⠐⠐-->⠐⠐⠐⠐⠐⠐i⠐⠐⠐⠐⠐⠐
~~~~~~~~~~~~~~~~~~~~~~~~~~~~~~~~~~~~~~~~~~~~~~~~~~~~~~~~~~~~



